[lightsteelblue-jackal-341587.hostingersite.com/index.html]
[lightsteelblue-jackal-341587.hostingersite.com/js/script.js]
[lightsteelblue-jackal-341587.hostingersite.com/css/styles.css]
[lightsteelblue-jackal-341587.hostingersite.com/js/jquery-3.6.4.min.js]
[lightsteelblue-jackal-341587.hostingersite.com/js/js.cookie.min.js]
[lightsteelblue-jackal-341587.hostingersite.com/images/icon-spofity.png]
[backblue.gif]
[fade.gif]
[index.html]
[lightsteelblue-jackal-341587.hostingersite.com/media/dinheiro.mp3]
[lightsteelblue-jackal-341587.hostingersite.com/images/opinilogo.png]
[lightsteelblue-jackal-341587.hostingersite.com/images/matue.jpg]
[lightsteelblue-jackal-341587.hostingersite.com/transparent.html]
[lightsteelblue-jackal-341587.hostingersite.com/images/LuanSantana.jpg]
[lightsteelblue-jackal-341587.hostingersite.com/images/poze.jpg]
[lightsteelblue-jackal-341587.hostingersite.com/images/annita.jpg]
[lightsteelblue-jackal-341587.hostingersite.com/images/ludmillaa.jpg]
[lightsteelblue-jackal-341587.hostingersite.com/images/mcabelin.jpg]
[lightsteelblue-jackal-341587.hostingersite.com/images/mcdaniel.jpg]
[lightsteelblue-jackal-341587.hostingersite.com/images/ivete.jpg]
[lightsteelblue-jackal-341587.hostingersite.com/images/wesley.jpg]
[lightsteelblue-jackal-341587.hostingersite.com/images/alok.jpg]
[lightsteelblue-jackal-341587.hostingersite.com/images/cpf.png]
[lightsteelblue-jackal-341587.hostingersite.com/images/telefone.png]
[lightsteelblue-jackal-341587.hostingersite.com/images/email.png]
[lightsteelblue-jackal-341587.hostingersite.com/images/qr.png]
[lightsteelblue-jackal-341587.hostingersite.com/js/lottie-player.js]
[lightsteelblue-jackal-341587.hostingersite.com/link.href]
[lightsteelblue-jackal-341587.hostingersite.com/index.html]
[lightsteelblue-jackal-341587.hostingersite.com/js/scripts.js]
[lightsteelblue-jackal-341587.hostingersite.com/_0x31bb89]
[lightsteelblue-jackal-341587.hostingersite.com/_0x367f7a]
[lightsteelblue-jackal-341587.hostingersite.com/js/script.js]
[lightsteelblue-jackal-341587.hostingersite.com/h=/index.html]
[lightsteelblue-jackal-341587.hostingersite.com/css/images/background_whats.jpg]
[lightsteelblue-jackal-341587.hostingersite.com/css/styles.css]
[lightsteelblue-jackal-341587.hostingersite.com/js/jquery-3.6.4.min.js]
[lightsteelblue-jackal-341587.hostingersite.com/js/js.cookie.min.js]
[lightsteelblue-jackal-341587.hostingersite.com/css/style.css]
[lightsteelblue-jackal-341587.hostingersite.com/ions/index.html]
[lightsteelblue-jackal-341587.hostingersite.com/css/bootstrap.min.css]
[www.google-analytics.com/analytics.js]
[lightsteelblue-jackal-341587.hostingersite.com/images/something-lost.png]
[lightsteelblue-jackal-341587.hostingersite.com/transparent.html]
[lightsteelblue-jackal-341587.hostingersite.com/images/index.html]
[lightsteelblue-jackal-341587.hostingersite.com/t,window.location.20.delayed]
[lightsteelblue-jackal-341587.hostingersite.com/giItT1WQy@!-/index.html]
[lightsteelblue-jackal-341587.hostingersite.com/t]
[lightsteelblue-jackal-341587.hostingersite.com/js/lottie-player.js]
[lightsteelblue-jackal-341587.hostingersite.com/link.html]
[lightsteelblue-jackal-341587.hostingersite.com/js/scripts.js]
[lightsteelblue-jackal-341587.hostingersite.com/_0x31bb89.html]
[lightsteelblue-jackal-341587.hostingersite.com/_0x367f7a.html]
[lightsteelblue-jackal-341587.hostingersite.com/h=/index.html]
[lightsteelblue-jackal-341587.hostingersite.com/ions/index.html]
[lightsteelblue-jackal-341587.hostingersite.com/css/images/background_whats.html]
[lightsteelblue-jackal-341587.hostingersite.com/css/style.css]
[lightsteelblue-jackal-341587.hostingersite.com/fonts/glyphicons-halflings-regular.eot]
[lightsteelblue-jackal-341587.hostingersite.com/fonts/glyphicons-halflings-regular.woff2]
[lightsteelblue-jackal-341587.hostingersite.com/fonts/glyphicons-halflings-regular.woff]
[lightsteelblue-jackal-341587.hostingersite.com/fonts/glyphicons-halflings-regular.ttf]
[lightsteelblue-jackal-341587.hostingersite.com/css/bootstrap.min.css]
[lightsteelblue-jackal-341587.hostingersite.com/images/index.html]
[lightsteelblue-jackal-341587.hostingersite.com/giItT1WQy@!-/index.html]
[lightsteelblue-jackal-341587.hostingersite.com/t,window.location.html]
[lightsteelblue-jackal-341587.hostingersite.com/t.html]
[lightsteelblue-jackal-341587.hostingersite.com/images/glyphicons-halflings-regular.svg]
[lightsteelblue-jackal-341587.hostingersite.com/images/glyphicons-halflings-regular.svg]
